
> zhidun-risk-saas@1.0.0 dev
> vite

Re-optimizing dependencies because lockfile has changed

  VITE v5.4.21  ready in 1296 ms

  ➜  Local:   http://localhost:5173/
  ➜  Network: http://192.168.10.217:5173/
9:17:41 PM [vite] hmr update /src/console/ReportTemplate.tsx, /src/index.css
9:17:41 PM [vite] hmr update /src/pages/Login.tsx, /src/index.css
9:17:41 PM [vite] hmr update /src/components/ui.tsx, /src/index.css
9:18:17 PM [vite] hmr update /src/console/ReportTemplate.tsx, /src/index.css
9:19:10 PM [vite] hmr update /src/console/ReportTemplate.tsx, /src/index.css
9:22:13 PM [vite] hmr update /src/index.css, /src/console/ReportTemplate.tsx
9:22:46 PM [vite] hmr update /src/console/ReportTemplate.tsx, /src/index.css
9:22:56 PM [vite] hmr update /src/console/ReportTemplate.tsx, /src/index.css
9:30:54 PM [vite] hmr update /src/console/ReportTemplate.tsx, /src/index.css
9:34:48 PM [vite] hmr update /src/index.css, /src/console/ReportTemplate.tsx
9:34:48 PM [vite] hmr update /src/console/Console.tsx, /src/index.css
9:36:14 PM [vite] hmr update /src/console/ReportTemplate.tsx, /src/index.css
9:38:38 PM [vite] hmr update /src/console/ReportTemplate.tsx, /src/index.css
10:00:31 PM [vite] hmr update /src/index.css, /src/console/ReportTemplate.tsx, /src/console/ReportTemplatePreview.tsx
10:01:11 PM [vite] hmr update /src/index.css, /src/console/ReportTemplate.tsx, /src/console/ReportTemplatePreview.tsx
10:01:36 PM [vite] hmr update /src/console/ReportTemplate.tsx, /src/index.css
10:01:47 PM [vite] hmr update /src/console/ReportTemplate.tsx, /src/index.css
10:03:19 PM [vite] hmr update /src/console/ReportTemplate.tsx, /src/index.css
10:04:19 PM [vite] hmr update /src/console/ReportTemplate.tsx, /src/index.css
10:04:58 PM [vite] hmr update /src/console/ReportTemplatePreview.tsx, /src/index.css
10:05:07 PM [vite] hmr update /src/console/ReportTemplatePreview.tsx, /src/index.css
10:05:08 PM [vite] hmr update /src/console/ReportTemplatePreview.tsx, /src/index.css
10:05:55 PM [vite] hmr update /src/console/ReportTemplate.tsx, /src/index.css
